>- Edgar Allan Poe
#^ text.asciidoc markup.list.unnumbered.asciidoc markup.list.unnumbered.markdown punctuation.definition.list.begin.asciidoc punctuation.definition.list.begin.markdown
# ^^^^^^^^^^^^^^^^^ text.asciidoc
>- Sheri S. Tepper
#^ text.asciidoc markup.list.unnumbered.asciidoc markup.list.unnumbered.markdown punctuation.definition.list.begin.asciidoc punctuation.definition.list.begin.markdown
# ^^^^^^^^^^^^^^^^^ text.asciidoc
>- Bill Bryson
#^ text.asciidoc markup.list.unnumbered.asciidoc markup.list.unnumbered.markdown punctuation.definition.list.begin.asciidoc punctuation.definition.list.begin.markdown
# ^^^^^^^^^^^^^ text.asciidoc